// Jest Snapshot v1, https://goo.gl/fbAQLP

exports[`components/GenericSupersetDataTable should render list correctly: table with data 1`] = `
<table
  className="table table-striped table-bordered plans-list"
>
  <thead
    className="listview-thead"
  >
    <tr
      className="listview-tr"
    >
      <ElementMap
        HTMLTag="th"
        className="listview-td"
        items={
          Array [
            "Age",
            "col-1",
            "col-2",
            "col-3",
          ]
        }
      >
        <th
          className="listview-td"
          key="0"
        >
          Age
        </th>
        <th
          className="listview-td"
          key="1"
        >
          col-1
        </th>
        <th
          className="listview-td"
          key="2"
        >
          col-2
        </th>
        <th
          className="listview-td"
          key="3"
        >
          col-3
        </th>
      </ElementMap>
    </tr>
  </thead>
  <tbody
    className="listview-tbody"
  >
    <tr
      className="listview-tr"
      key="0"
    >
      <ElementMap
        HTMLTag="td"
        className="listview-th"
        items={
          Array [
            "11 - 15",
            9,
            6,
            3,
          ]
        }
      >
        <td
          className="listview-th"
          key="0"
        >
          11 - 15
        </td>
        <td
          className="listview-th"
          key="1"
        >
          9
        </td>
        <td
          className="listview-th"
          key="2"
        >
          6
        </td>
        <td
          className="listview-th"
          key="3"
        >
          3
        </td>
      </ElementMap>
    </tr>
    <tr
      className="listview-tr"
      key="1"
    >
      <ElementMap
        HTMLTag="td"
        className="listview-th"
        items={
          Array [
            "< 6",
            6,
            0,
            0,
          ]
        }
      >
        <td
          className="listview-th"
          key="0"
        >
          &lt; 6
        </td>
        <td
          className="listview-th"
          key="1"
        >
          6
        </td>
        <td
          className="listview-th"
          key="2"
        >
          0
        </td>
        <td
          className="listview-th"
          key="3"
        >
          0
        </td>
      </ElementMap>
    </tr>
  </tbody>
</table>
`;
