// Jest Snapshot v1, https://goo.gl/fbAQLP

exports[`/components/errors/Fallback render correctly 1`] = `
<Fallback>
  <Container
    fluid={true}
    style={
      Object {
        "minHeight": "100vh",
        "position": "relative",
      }
    }
    tag="div"
  >
    <div
      className="container-fluid"
      style={
        Object {
          "minHeight": "100vh",
          "position": "relative",
        }
      }
    >
      <Row
        className="text-center"
        style={
          Object {
            "marginTop": "40px",
          }
        }
        tag="div"
      >
        <div
          className="text-center row"
          style={
            Object {
              "marginTop": "40px",
            }
          }
        >
          <Col
            md={
              Object {
                "offset": 4,
                "size": 4,
              }
            }
            sm="12"
            tag="div"
            widths={
              Array [
                "xs",
                "sm",
                "md",
                "lg",
                "xl",
              ]
            }
          >
            <div
              className="col-sm-12 col-md-4 offset-md-4"
            >
              <h1>
                An Error Ocurred
              </h1>
              <div>
                <p>
                  There has been an error. Itâ€™s been reported to the site administrators via email and should be fixed shortly. Thanks for your patience.
                </p>
              </div>
            </div>
          </Col>
        </div>
      </Row>
    </div>
  </Container>
</Fallback>
`;
