// Jest Snapshot v1, https://goo.gl/fbAQLP

exports[`components/page/Header renders header correctly: Select Indicator Options 1`] = `
Array [
  Object {
    "label": "A1-Tha Luang Village 1 Focus 01",
    "value": "ed2b4b7c-3388-53d9-b9f6-6a19d1ffde1f",
  },
  Object {
    "label": "A1-Tha Luang Village 1 Focus 01",
    "value": "plan-id-2",
  },
]
`;
